Microchip MPLAB XC8 Compiler V2.41

Linker command line:

-W-3 \
  --edf=C:/Program Files/Microchip/MPLABX/v6.10/packs/Microchip/PIC16Fxxx_DFP/1.4.149/xc8\pic\dat\20230322214319_en.msgs \
  -cn -h+dist/default/production\Code_ADC_buoi4.X.production.sym \
  --cmf=dist/default/production\Code_ADC_buoi4.X.production.cmf -z \
  -Q16F877A -oC:\Users\ADMIN\AppData\Local\Temp\xcAs9k4.\driver_tmp_3.o \
  --defsym=__MPLAB_BUILD=1 --fixupoverflow=error \
  -Mdist/default/production/Code_ADC_buoi4.X.production.map \
  --md=C:\Users\ADMIN\AppData\Local\Temp\xcAs9k4.\driver_tmp_0.dat -E1 \
  -ver=XC8 Compiler --acfsm=1493 -ACODE=00h-07FFhx4 -ASTRCODE=00h-01FFFh \
  -ASTRING=00h-0FFhx32 -ACONST=00h-0FFhx32 -AENTRY=00h-0FFhx32 \
  -ACOMMON=070h-07Fh -ABANK0=020h-06Fh -ABANK1=0A0h-0EFh \
  -ABANK2=0110h-016Fh -ABANK3=0190h-01EFh \
  -ARAM=020h-06Fh,0A0h-0EFh,0110h-016Fh,0190h-01EFh \
  -AABS1=020h-07Fh,0A0h-0EFh,0110h-016Fh,0190h-01EFh -ASFR0=00h-01Fh \
  -ASFR1=080h-09Fh -ASFR2=0100h-010Fh -ASFR3=0180h-018Fh \
  -ACONFIG=02007h-02007h -DCONFIG=2 -AIDLOC=02000h-02003h -DIDLOC=2 \
  -AEEDATA=00h-0FFh/02100h -peeprom_data=EEDATA -DEEDATA=2 -DCODE=2 \
  -DSTRCODE=2 -DSTRING=2 -DCONST=2 -DENTRY=2 \
  -preset_vec=00h,intentry,init,end_init -ppowerup=CODE -pcinit=CODE \
  -pfunctab=ENTRY -k \
  C:\Users\ADMIN\AppData\Local\Temp\xcAs9k4.\driver_tmp_17.o \
  dist/default/production\Code_ADC_buoi4.X.production.o 

Object code version is 3.11

Machine type is 16F877A



                Name                               Link     Load   Length Selector   Space Scale
C:\Users\ADMIN\AppData\Local\Temp\xcAs9k4.\driver_tmp_17.o
                end_init                              0        0        3        0       0
                config                             2007     2007        1        0       4
dist/default/production\Code_ADC_buoi4.X.production.o
                cinit                               7F3      7F3        D      FE6       0
                config                             2007     2007        1        0       4
                text16                              D8D      D8D        9     1B1A       0
                text15                              DF9      DF9       2B     1BF2       0
                text14                              DB0      DB0       22     1B60       0
                text13                              D96      D96       1A     1B2C       0
                text12                              F2A      F2A       5E     1E54       0
                text11                              EE4      EE4       46     1DC8       0
                text10                                4        4       35        8       0
                text9                               E5E      E5E       42     1CBC       0
                text8                               2DF      2DF      1CF      5BE       0
                text7                               DD2      DD2       27     1BA4       0
                text6                               4AE      4AE      345      95C       0
                text5                               F88      F88       78     1F10       0
                text4                                39       39       BA       72       0
                text3                               EA0      EA0       44     1D40       0
                text2                               E24      E24       3A     1C48       0
                text1                                F3       F3       DA      1E6       0
                maintext                            1CD      1CD      112      39A       0
                cstackBANK0                          20       20       4A       20       1
                cstackCOMMON                         70       70        D       70       1
                clrtext                             D85      D85        8     1B0A       0
                bssBANK1                             A0       A0       14       A0       1
                strings                             800      800       30     1000       0

TOTAL           Name                               Link     Load   Length     Space
        CLASS   CODE           
                end_init                              0        0        3         0
                cinit                               7F3      7F3        D         0
                text16                              D8D      D8D        9         0
                text15                              DF9      DF9       2B         0
                text14                              DB0      DB0       22         0
                text13                              D96      D96       1A         0
                text12                              F2A      F2A       5E         0
                text11                              EE4      EE4       46         0
                text10                                4        4       35         0
                text9                               E5E      E5E       42         0
                text8                               2DF      2DF      1CF         0
                text7                               DD2      DD2       27         0
                text6                               4AE      4AE      345         0
                text5                               F88      F88       78         0
                text4                                39       39       BA         0
                text3                               EA0      EA0       44         0
                text2                               E24      E24       3A         0
                text1                                F3       F3       DA         0
                maintext                            1CD      1CD      112         0
                clrtext                             D85      D85        8         0

        CLASS   STRCODE        

        CLASS   STRING         
                strings                             800      800       30         0

        CLASS   CONST          

        CLASS   ENTRY          

        CLASS   COMMON         
                cstackCOMMON                         70       70        D         1

        CLASS   BANK0          
                cstackBANK0                          20       20       4A         1

        CLASS   BANK1          
                bssBANK1                             A0       A0       14         1

        CLASS   BANK2          

        CLASS   BANK3          

        CLASS   RAM            

        CLASS   ABS1           
                abs_s1                               7E       7E        2         1

        CLASS   SFR0           

        CLASS   SFR1           

        CLASS   SFR2           

        CLASS   SFR3           

        CLASS   CONFIG         
                config                             2007     2007        1         4

        CLASS   IDLOC          

        CLASS   EEDATA         

        CLASS   STACK          



SEGMENTS        Name                           Load    Length   Top    Selector   Space  Class     Delta

                reset_vec                      000000  000003  000003         0       0  CODE        2
                text10                         000004  000035  000039         8       0  CODE        2
                cstackBANK0                    000020  00004A  00006A        20       1  BANK0       1
                cstackCOMMON                   000070  00000D  00007D        70       1  COMMON      1
                text4                          000039  0000BA  0000F3        72       0  CODE        2
                bssBANK1                       0000A0  000014  0000B4        A0       1  BANK1       1
                text1                          0000F3  0000DA  0001CD       1E6       0  CODE        2
                maintext                       0001CD  000112  0002DF       39A       0  CODE        2
                text8                          0002DF  0001CF  0004AE       5BE       0  CODE        2
                text6                          0004AE  000345  0007F3       95C       0  CODE        2
                cinit                          0007F3  00000D  000800       FE6       0  CODE        2
                strings                        000800  000030  000830      1000       0  STRING      2
                clrtext                        000D85  000008  000D8D      1B0A       0  CODE        2
                text16                         000D8D  000009  000D96      1B1A       0  CODE        2
                text13                         000D96  00001A  000DB0      1B2C       0  CODE        2
                text14                         000DB0  000022  000DD2      1B60       0  CODE        2
                text7                          000DD2  000027  000DF9      1BA4       0  CODE        2
                text15                         000DF9  00002B  000E24      1BF2       0  CODE        2
                text2                          000E24  00003A  000E5E      1C48       0  CODE        2
                text9                          000E5E  000042  000EA0      1CBC       0  CODE        2
                text3                          000EA0  000044  000EE4      1D40       0  CODE        2
                text11                         000EE4  000046  000F2A      1DC8       0  CODE        2
                text12                         000F2A  00005E  000F88      1E54       0  CODE        2
                text5                          000F88  000078  001000      1F10       0  CODE        2


UNUSED ADDRESS RANGES

        Name                Unused          Largest block    Delta
        BANK0            006A-006F              6           1
        BANK1            00B4-00EF             3C           1
        BANK2            0110-016F             60           1
        BANK3            0190-01EF             60           1
        CODE             0003-0003              1           2
                         0830-0D84            555
                         1000-1FFF            800
        COMMON           007D-007D              1           1
        CONST            0003-0003              1           2
                         0830-0D84            100
                         1000-1FFF            100
        EEDATA           2100-21FF            100           2
        ENTRY            0003-0003              1           2
                         0830-0D84            100
                         1000-1FFF            100
        IDLOC            2000-2003              4           2
        RAM              006A-006F              6           1
                         00B4-00EF             3C
                         0110-016F             60
                         0190-01EF             60
        SFR0             0000-001F             20           1
        SFR1             0080-009F             20           1
        SFR2             0100-010F             10           1
        SFR3             0180-018F             10           1
        STRCODE          0003-0003              1           2
                         0830-0D84            555
                         1000-1FFF           1000
        STRING           0003-0003              1           2
                         0830-0D84            100
                         1000-1FFF            100

                                  Symbol Table

?_ADC_Read                cstackCOMMON 0070
?__Umul8_16               cstackCOMMON 0070
?___fldiv                 cstackBANK0  0040
?___flmul                 cstackBANK0  0026
?___fltol                 cstackBANK0  005A
?___lwdiv                 cstackCOMMON 0070
?___lwmod                 cstackCOMMON 0077
?___xxtofl                cstackCOMMON 0073
?_sprintf                 cstackBANK0  0020
ADC_Read@channel          cstackCOMMON 0070
Lcd_Cmd@a                 cstackCOMMON 0073
Lcd_Port@a                cstackCOMMON 0070
Lcd_Set_Cursor@a          cstackCOMMON 0076
Lcd_Set_Cursor@b          cstackCOMMON 0074
Lcd_Set_Cursor@temp       cstackCOMMON 0079
Lcd_Set_Cursor@y          cstackCOMMON 0078
Lcd_Set_Cursor@z          cstackCOMMON 0077
Lcd_Write_Char@a          cstackCOMMON 0074
Lcd_Write_Char@temp       cstackCOMMON 0072
Lcd_Write_Char@y          cstackCOMMON 0073
Lcd_Write_String@a        cstackCOMMON 0075
Lcd_Write_String@i        cstackCOMMON 007A
_ADCON0                   (abs)        001F
_ADCON1                   (abs)        009F
_ADC_Init                 text16       0D8D
_ADC_Read                 text15       0DF9
_ADRESH                   (abs)        001E
_ADRESL                   (abs)        009E
_GO_nDONE                 (abs)        00FA
_Lcd_Cmd                  text13       0D96
_Lcd_Init                 text12       0F2A
_Lcd_Port                 text14       0DB0
_Lcd_Set_Cursor           text11       0EE4
_Lcd_Write_Char           text10       0004
_Lcd_Write_String         text9        0E5E
_RD2                      (abs)        0042
_RD3                      (abs)        0043
_RD4                      (abs)        0044
_RD5                      (abs)        0045
_RD6                      (abs)        0046
_RD7                      (abs)        0047
_TRISD                    (abs)        0088
__H__absolute__           __absolute__ 0000
__Habs1                   abs1         0000
__Hbank0                  bank0        0000
__Hbank1                  bank1        0000
__Hbank2                  bank2        0000
__Hbank3                  bank3        0000
__HbssBANK1               bssBANK1     0000
__Hcinit                  cinit        0800
__Hclrtext                clrtext      0000
__Hcode                   code         0000
__Hcommon                 common       0000
__Hconfig                 config       2008
__HcstackBANK0            cstackBANK0  0000
__HcstackCOMMON           cstackCOMMON 0000
__Heeprom_data            eeprom_data  0000
__Hend_init               end_init     0003
__Hfunctab                functab      0000
__Hinit                   init         0000
__Hintentry               intentry     0000
__Hmaintext               maintext     0000
__Hpowerup                powerup      0000
__Hram                    ram          0000
__Hreset_vec              reset_vec    0000
__Hsfr0                   sfr0         0000
__Hsfr1                   sfr1         0000
__Hsfr2                   sfr2         0000
__Hsfr3                   sfr3         0000
__Hspace_0                (abs)        1000
__Hspace_1                (abs)        00B4
__Hspace_2                (abs)        0000
__Hspace_3                (abs)        0000
__Hspace_4                (abs)        400F
__Hstack                  stack        0000
__Hstrings                strings      0000
__Htext                   text         0000
__L__absolute__           __absolute__ 0000
__Labs1                   abs1         0000
__Lbank0                  bank0        0000
__Lbank1                  bank1        0000
__Lbank2                  bank2        0000
__Lbank3                  bank3        0000
__LbssBANK1               bssBANK1     0000
__Lcinit                  cinit        07F3
__Lclrtext                clrtext      0000
__Lcode                   code         0000
__Lcommon                 common       0000
__Lconfig                 config       0000
__LcstackBANK0            cstackBANK0  0000
__LcstackCOMMON           cstackCOMMON 0000
__Leeprom_data            eeprom_data  0000
__Lend_init               end_init     0000
__Lfunctab                functab      0000
__Linit                   init         0000
__Lintentry               intentry     0000
__Lmaintext               maintext     0000
__Lpowerup                powerup      0000
__Lram                    ram          0000
__Lreset_vec              reset_vec    0000
__Lsfr0                   sfr0         0000
__Lsfr1                   sfr1         0000
__Lsfr2                   sfr2         0000
__Lsfr3                   sfr3         0000
__Lspace_0                (abs)        0000
__Lspace_1                (abs)        0000
__Lspace_2                (abs)        0000
__Lspace_3                (abs)        0000
__Lspace_4                (abs)        0000
__Lstack                  stack        0000
__Lstrings                strings      0000
__Ltext                   text         0000
__S0                      (abs)        1000
__S1                      (abs)        00B4
__S3                      (abs)        0000
__Umul8_16                text7        0DD2
__Umul8_16@multiplicand   cstackCOMMON 0070
__Umul8_16@multiplier     cstackCOMMON 0078
__Umul8_16@product        cstackCOMMON 0074
__Umul8_16@word_mpld      cstackCOMMON 0076
___fldiv                  text8        02DF
___fldiv@a                cstackBANK0  0040
___fldiv@aexp             cstackBANK0  0059
___fldiv@b                cstackBANK0  0044
___fldiv@bexp             cstackBANK0  0058
___fldiv@grs              cstackBANK0  0054
___fldiv@new_exp          cstackBANK0  0052
___fldiv@rem              cstackBANK0  004D
___fldiv@sign             cstackBANK0  0051
___flmul                  text6        04AE
___flmul@a                cstackBANK0  002A
___flmul@aexp             cstackBANK0  0038
___flmul@b                cstackBANK0  0026
___flmul@bexp             cstackBANK0  0039
___flmul@grs              cstackBANK0  0034
___flmul@prod             cstackBANK0  003A
___flmul@sign             cstackBANK0  0033
___flmul@temp             cstackBANK0  003E
___fltol                  text5        0F88
___fltol@exp1             cstackCOMMON 007C
___fltol@f1               cstackBANK0  005A
___fltol@sign1            cstackCOMMON 007B
___int_sp                 stack        0000
___latbits                (abs)        0002
___lwdiv                  text3        0EA0
___lwdiv@counter          cstackCOMMON 0076
___lwdiv@dividend         cstackCOMMON 0072
___lwdiv@divisor          cstackCOMMON 0070
___lwdiv@quotient         cstackCOMMON 0074
___lwmod                  text2        0E24
___lwmod@counter          cstackCOMMON 007B
___lwmod@dividend         cstackCOMMON 0079
___lwmod@divisor          cstackCOMMON 0077
___sp                     stack        0000
___stackhi                (abs)        0000
___stacklo                (abs)        0000
___xxtofl                 text4        0039
___xxtofl@arg             cstackBANK0  0022
___xxtofl@exp             cstackBANK0  0021
___xxtofl@sign            cstackBANK0  0020
___xxtofl@val             cstackCOMMON 0073
__end_of_ADC_Init         text16       0D96
__end_of_ADC_Read         text15       0E24
__end_of_Lcd_Cmd          text13       0DB0
__end_of_Lcd_Init         text12       0F88
__end_of_Lcd_Port         text14       0DD2
__end_of_Lcd_Set_Cursor   text11       0F2A
__end_of_Lcd_Write_Char   text10       0039
__end_of_Lcd_Write_String text9        0EA0
__end_of__Umul8_16        text7        0DF9
__end_of___fldiv          text8        04AE
__end_of___flmul          text6        07F3
__end_of___fltol          text5        1000
__end_of___lwdiv          text3        0EE4
__end_of___lwmod          text2        0E5E
__end_of___xxtofl         text4        00F3
__end_of__initialization  cinit        07FC
__end_of__stringtab       strings      0810
__end_of_dpowers          strings      081A
__end_of_main             maintext     02DF
__end_of_sprintf          text1        01CD
__initialization          cinit        07F3
__pbssBANK1               bssBANK1     00A0
__pcstackBANK0            cstackBANK0  0020
__pcstackCOMMON           cstackCOMMON 0070
__pmaintext               maintext     01CD
__pstrings                strings      0800
__ptext1                  text1        00F3
__ptext10                 text10       0004
__ptext11                 text11       0EE4
__ptext12                 text12       0F2A
__ptext13                 text13       0D96
__ptext14                 text14       0DB0
__ptext15                 text15       0DF9
__ptext16                 text16       0D8D
__ptext2                  text2        0E24
__ptext3                  text3        0EA0
__ptext4                  text4        0039
__ptext5                  text5        0F88
__ptext6                  text6        04AE
__ptext7                  text7        0DD2
__ptext8                  text8        02DF
__ptext9                  text9        0E5E
__stringbase              strings      080F
__stringtab               strings      0800
_buff                     bssBANK1     00AA
_buffNhietDo              bssBANK1     00A0
_dpowers                  strings      0810
_main                     maintext     01CD
_sprintf                  text1        00F3
btemp                     (abs)        007E
clear_ram0                clrtext      0D85
end_of_initialization     cinit        07FC
intlevel0                 functab      0000
intlevel1                 functab      0000
intlevel2                 functab      0000
intlevel3                 functab      0000
intlevel4                 functab      0000
intlevel5                 functab      0000
main@nhietdo              cstackBANK0  0066
main@value_adc            cstackBANK0  0068
reset_vec                 reset_vec    0000
sprintf@ap                cstackBANK0  0026
sprintf@c                 cstackBANK0  002C
sprintf@f                 cstackBANK0  0020
sprintf@flag              cstackBANK0  0027
sprintf@prec              cstackBANK0  0028
sprintf@sp                cstackBANK0  002B
sprintf@val               cstackBANK0  0029
start                     init         0000
start_initialization      cinit        07F3
wtemp0                    (abs)        007E


MODULE INFORMATION

Module		Function		Class		Link	Load	Size
C:\Program Files\Microchip\xc8\v2.41\pic\sources\c90\common\sprcmul.c
		___flmul       		CODE           	04AE	0000	837

C:\Program Files\Microchip\xc8\v2.41\pic\sources\c90\common\sprcmul.c estimated size: 837

C:\Program Files\Microchip\xc8\v2.41\pic\sources\c90\common\sprcdiv.c
		___fldiv       		CODE           	02DF	0000	463

C:\Program Files\Microchip\xc8\v2.41\pic\sources\c90\common\sprcdiv.c estimated size: 463

C:\Program Files\Microchip\xc8\v2.41\pic\sources\c90\common\lwdiv.c
		___lwdiv       		CODE           	0EA0	0000	68

C:\Program Files\Microchip\xc8\v2.41\pic\sources\c90\common\lwdiv.c estimated size: 68

C:\Program Files\Microchip\xc8\v2.41\pic\sources\c90\common\fltol.c
		___fltol       		CODE           	0F88	0000	120

C:\Program Files\Microchip\xc8\v2.41\pic\sources\c90\common\fltol.c estimated size: 120

./lcd.h
		_Lcd_Write_String		CODE           	0E5E	0000	66
		_Lcd_Init      		CODE           	0F2A	0000	94
		_Lcd_Write_Char		CODE           	0004	0000	53
		_Lcd_Cmd       		CODE           	0D96	0000	26
		_Lcd_Set_Cursor		CODE           	0EE4	0000	70
		_Lcd_Port      		CODE           	0DB0	0000	34

./lcd.h estimated size: 343

C:\Program Files\Microchip\xc8\v2.41\pic\sources\c90\common\xxtofl.c
		___xxtofl      		CODE           	0039	0000	186

C:\Program Files\Microchip\xc8\v2.41\pic\sources\c90\common\xxtofl.c estimated size: 186

shared
		__stringtab    		STRING         	0800	0000	16
		_dpowers       		STRING         	0810	0000	10
		__initialization		CODE           	07F3	0000	9

shared estimated size: 35

C:\Program Files\Microchip\xc8\v2.41\pic\sources\c90\common\Umul8_16.c
		__Umul8_16     		CODE           	0DD2	0000	39

C:\Program Files\Microchip\xc8\v2.41\pic\sources\c90\common\Umul8_16.c estimated size: 39

C:\Program Files\Microchip\xc8\v2.41\pic\sources\c90\common\doprnt.c
		_sprintf       		CODE           	00F3	0000	218

C:\Program Files\Microchip\xc8\v2.41\pic\sources\c90\common\doprnt.c estimated size: 218

C:\Program Files\Microchip\xc8\v2.41\pic\sources\c90\common\lwmod.c
		___lwmod       		CODE           	0E24	0000	58

C:\Program Files\Microchip\xc8\v2.41\pic\sources\c90\common\lwmod.c estimated size: 58

code.c
		_main          		CODE           	01CD	0000	274
		_ADC_Read      		CODE           	0DF9	0000	43
		_ADC_Init      		CODE           	0D8D	0000	9

code.c estimated size: 326

