Microchip MPLAB XC8 Compiler V2.41

Linker command line:

-W-3 \
  --edf=C:/Program Files/Microchip/MPLABX/v6.10/packs/Microchip/PIC16Fxxx_DFP/1.4.149/xc8\pic\dat\20230322214319_en.msgs \
  -cn -h+dist/default/production\Dieukhien2led7thanh.X.production.sym \
  --cmf=dist/default/production\Dieukhien2led7thanh.X.production.cmf -z \
  -Q16F877A -oC:\Users\ADMIN\AppData\Local\Temp\xcAsjcg.\driver_tmp_3.o \
  --defsym=__MPLAB_BUILD=1 --fixupoverflow=error \
  -Mdist/default/production/Dieukhien2led7thanh.X.production.map \
  --md=C:\Users\ADMIN\AppData\Local\Temp\xcAsjcg.\driver_tmp_0.dat -E1 \
  -ver=XC8 Compiler --acfsm=1493 -ACODE=00h-07FFhx4 -ASTRCODE=00h-01FFFh \
  -ASTRING=00h-0FFhx32 -ACONST=00h-0FFhx32 -AENTRY=00h-0FFhx32 \
  -ACOMMON=070h-07Fh -ABANK0=020h-06Fh -ABANK1=0A0h-0EFh \
  -ABANK2=0110h-016Fh -ABANK3=0190h-01EFh \
  -ARAM=020h-06Fh,0A0h-0EFh,0110h-016Fh,0190h-01EFh \
  -AABS1=020h-07Fh,0A0h-0EFh,0110h-016Fh,0190h-01EFh -ASFR0=00h-01Fh \
  -ASFR1=080h-09Fh -ASFR2=0100h-010Fh -ASFR3=0180h-018Fh \
  -ACONFIG=02007h-02007h -DCONFIG=2 -AIDLOC=02000h-02003h -DIDLOC=2 \
  -AEEDATA=00h-0FFh/02100h -peeprom_data=EEDATA -DEEDATA=2 -DCODE=2 \
  -DSTRCODE=2 -DSTRING=2 -DCONST=2 -DENTRY=2 \
  -preset_vec=00h,intentry,init,end_init -ppowerup=CODE -pcinit=CODE \
  -pfunctab=ENTRY -k \
  C:\Users\ADMIN\AppData\Local\Temp\xcAsjcg.\driver_tmp_12.o \
  dist/default/production\Dieukhien2led7thanh.X.production.o 

Object code version is 3.11

Machine type is 16F877A



                Name                               Link     Load   Length Selector   Space Scale
C:\Users\ADMIN\AppData\Local\Temp\xcAsjcg.\driver_tmp_12.o
                end_init                              0        0        3        0       0
                config                             2007     2007        1        0       4
dist/default/production\Dieukhien2led7thanh.X.production.o
                cinit                               7EE      7EE       12      FDC       0
                config                             2007     2007        1        0       4
                text3                               787      787       67      F0E       0
                text2                               72E      72E       59      E5C       0
                text1                               6E2      6E2       4C      DC4       0
                maintext                            69D      69D       45      D3A       0
                cstackBANK0                          2A       2A        4       20       1
                cstackCOMMON                         70       70        D       70       1
                inittext                            68A      68A       13      D14       0
                dataBANK0                            20       20        A       20       1
                idataBANK0                          680      680        A      D00       0

TOTAL           Name                               Link     Load   Length     Space
        CLASS   CODE           
                end_init                              0        0        3         0
                cinit                               7EE      7EE       12         0
                text3                               787      787       67         0
                text2                               72E      72E       59         0
                text1                               6E2      6E2       4C         0
                maintext                            69D      69D       45         0
                inittext                            68A      68A       13         0
                idataBANK0                          680      680        A         0

        CLASS   STRCODE        

        CLASS   STRING         

        CLASS   CONST          

        CLASS   ENTRY          

        CLASS   COMMON         
                cstackCOMMON                         70       70        D         1

        CLASS   BANK0          
                cstackBANK0                          2A       2A        4         1
                dataBANK0                            20       20        A         1

        CLASS   BANK1          

        CLASS   BANK2          

        CLASS   BANK3          

        CLASS   RAM            

        CLASS   ABS1           
                abs_s1                               7E       7E        2         1

        CLASS   SFR0           

        CLASS   SFR1           

        CLASS   SFR2           

        CLASS   SFR3           

        CLASS   CONFIG         
                config                             2007     2007        1         4

        CLASS   IDLOC          

        CLASS   EEDATA         

        CLASS   STACK          



SEGMENTS        Name                           Load    Length   Top    Selector   Space  Class     Delta

                reset_vec                      000000  000003  000003         0       0  CODE        2
                dataBANK0                      000020  00000E  00002E        20       1  BANK0       1
                cstackCOMMON                   000070  00000D  00007D        70       1  COMMON      1
                idataBANK0                     000680  00000A  00068A       D00       0  CODE        2
                inittext                       00068A  000013  00069D       D14       0  CODE        2
                maintext                       00069D  000045  0006E2       D3A       0  CODE        2
                text1                          0006E2  00004C  00072E       DC4       0  CODE        2
                text2                          00072E  000059  000787       E5C       0  CODE        2
                text3                          000787  000067  0007EE       F0E       0  CODE        2
                cinit                          0007EE  000012  000800       FDC       0  CODE        2


UNUSED ADDRESS RANGES

        Name                Unused          Largest block    Delta
        BANK0            002E-006F             42           1
        BANK1            00A0-00EF             50           1
        BANK2            0110-016F             60           1
        BANK3            0190-01EF             60           1
        CODE             0003-067F            67D           2
                         0800-1FFF            800
        COMMON           007D-007D              1           1
        CONST            0003-067F            100           2
                         0800-1FFF            100
        EEDATA           2100-21FF            100           2
        ENTRY            0003-067F            100           2
                         0800-1FFF            100
        IDLOC            2000-2003              4           2
        RAM              002E-006F             42           1
                         00A0-00EF             50
                         0110-016F             60
                         0190-01EF             60
        SFR0             0000-001F             20           1
        SFR1             0080-009F             20           1
        SFR2             0100-010F             10           1
        SFR3             0180-018F             10           1
        STRCODE          0003-067F            67D           2
                         0800-1FFF           1800
        STRING           0003-067F            100           2
                         0800-1FFF            100

                                  Symbol Table

?___awdiv                cstackCOMMON 0070
?___awmod                cstackCOMMON 0070
_PORTB                   (abs)        0006
_PORTC                   (abs)        0007
_TRISB                   (abs)        0086
_TRISC                   (abs)        0087
__H__absolute__          __absolute__ 0000
__Habs1                  abs1         0000
__Hbank0                 bank0        0000
__Hbank1                 bank1        0000
__Hbank2                 bank2        0000
__Hbank3                 bank3        0000
__Hcinit                 cinit        0800
__Hclrtext               clrtext      0000
__Hcode                  code         0000
__Hcommon                common       0000
__Hconfig                config       2008
__HcstackBANK0           cstackBANK0  0000
__HcstackCOMMON          cstackCOMMON 0000
__HdataBANK0             dataBANK0    0000
__Heeprom_data           eeprom_data  0000
__Hend_init              end_init     0003
__Hfunctab               functab      0000
__HidataBANK0            idataBANK0   0000
__Hinit                  init         0000
__Hinittext              inittext     0000
__Hintentry              intentry     0000
__Hmaintext              maintext     0000
__Hpowerup               powerup      0000
__Hram                   ram          0000
__Hreset_vec             reset_vec    0000
__Hsfr0                  sfr0         0000
__Hsfr1                  sfr1         0000
__Hsfr2                  sfr2         0000
__Hsfr3                  sfr3         0000
__Hspace_0               (abs)        0800
__Hspace_1               (abs)        007D
__Hspace_2               (abs)        0000
__Hspace_3               (abs)        0000
__Hspace_4               (abs)        400F
__Hstack                 stack        0000
__Hstrings               strings      0000
__Htext                  text         0000
__L__absolute__          __absolute__ 0000
__Labs1                  abs1         0000
__Lbank0                 bank0        0000
__Lbank1                 bank1        0000
__Lbank2                 bank2        0000
__Lbank3                 bank3        0000
__Lcinit                 cinit        07EE
__Lclrtext               clrtext      0000
__Lcode                  code         0000
__Lcommon                common       0000
__Lconfig                config       0000
__LcstackBANK0           cstackBANK0  0000
__LcstackCOMMON          cstackCOMMON 0000
__LdataBANK0             dataBANK0    0000
__Leeprom_data           eeprom_data  0000
__Lend_init              end_init     0000
__Lfunctab               functab      0000
__LidataBANK0            idataBANK0   0000
__Linit                  init         0000
__Linittext              inittext     0000
__Lintentry              intentry     0000
__Lmaintext              maintext     0000
__Lpowerup               powerup      0000
__Lram                   ram          0000
__Lreset_vec             reset_vec    0000
__Lsfr0                  sfr0         0000
__Lsfr1                  sfr1         0000
__Lsfr2                  sfr2         0000
__Lsfr3                  sfr3         0000
__Lspace_0               (abs)        0000
__Lspace_1               (abs)        0000
__Lspace_2               (abs)        0000
__Lspace_3               (abs)        0000
__Lspace_4               (abs)        0000
__Lstack                 stack        0000
__Lstrings               strings      0000
__Ltext                  text         0000
__S0                     (abs)        0800
__S1                     (abs)        007D
__S3                     (abs)        0000
___awdiv                 text3        0787
___awdiv@counter         cstackCOMMON 0074
___awdiv@dividend        cstackCOMMON 0072
___awdiv@divisor         cstackCOMMON 0070
___awdiv@quotient        cstackCOMMON 0076
___awdiv@sign            cstackCOMMON 0075
___awmod                 text2        072E
___awmod@counter         cstackCOMMON 0074
___awmod@dividend        cstackCOMMON 0072
___awmod@divisor         cstackCOMMON 0070
___awmod@sign            cstackCOMMON 0075
___int_sp                stack        0000
___latbits               (abs)        0002
___sp                    stack        0000
___stackhi               (abs)        0000
___stacklo               (abs)        0000
__end_of___awdiv         text3        07EE
__end_of___awmod         text2        0787
__end_of__initialization cinit        07FC
__end_of_display_number  text1        072E
__end_of_main            maintext     06E2
__initialization         cinit        07EE
__pcstackBANK0           cstackBANK0  002A
__pcstackCOMMON          cstackCOMMON 0070
__pdataBANK0             dataBANK0    0020
__pidataBANK0            idataBANK0   0680
__pmaintext              maintext     069D
__ptext1                 text1        06E2
__ptext2                 text2        072E
__ptext3                 text3        0787
_display_number          text1        06E2
_main                    maintext     069D
_segments_code           dataBANK0    0020
btemp                    (abs)        007E
display_number@chuc      cstackCOMMON 007A
display_number@donvi     cstackCOMMON 007B
display_number@number    cstackCOMMON 007C
end_of_initialization    cinit        07FC
init_fetch0              inittext     068A
init_ram0                inittext     068E
intlevel0                functab      0000
intlevel1                functab      0000
intlevel2                functab      0000
intlevel3                functab      0000
intlevel4                functab      0000
intlevel5                functab      0000
main@i                   cstackBANK0  002D
main@i_45                cstackBANK0  002A
main@j                   cstackBANK0  002B
main@j_46                cstackBANK0  002C
reset_vec                reset_vec    0000
start                    init         0000
start_initialization     cinit        07EE
wtemp0                   (abs)        007E


MODULE INFORMATION

Module		Function		Class		Link	Load	Size
C:\Program Files\Microchip\xc8\v2.41\pic\sources\c90\common\awdiv.c
		___awdiv       		CODE           	0787	0000	103

C:\Program Files\Microchip\xc8\v2.41\pic\sources\c90\common\awdiv.c estimated size: 103

shared
		__initialization		CODE           	07EE	0000	14

shared estimated size: 14

C:\Program Files\Microchip\xc8\v2.41\pic\sources\c90\common\awmod.c
		___awmod       		CODE           	072E	0000	89

C:\Program Files\Microchip\xc8\v2.41\pic\sources\c90\common\awmod.c estimated size: 89

dieukhien.c
		_main          		CODE           	069D	0000	69
		_display_number		CODE           	06E2	0000	76

dieukhien.c estimated size: 145

