Microchip MPLAB XC8 Compiler V2.41

Linker command line:

-W-3 \
  --edf=C:/Program Files/Microchip/MPLABX/v6.10/packs/Microchip/PIC16Fxxx_DFP/1.4.149/xc8\pic\dat\20230322214319_en.msgs \
  -cn -h+dist/default/production\BienapADCphan2.X.production.sym \
  --cmf=dist/default/production\BienapADCphan2.X.production.cmf -z \
  -Q16F877A -oC:\Users\ADMIN\AppData\Local\Temp\xcAsdkg.\driver_tmp_3.o \
  --defsym=__MPLAB_BUILD=1 --fixupoverflow=error \
  -Mdist/default/production/BienapADCphan2.X.production.map \
  --md=C:\Users\ADMIN\AppData\Local\Temp\xcAsdkg.\driver_tmp_0.dat -E1 \
  -ver=XC8 Compiler --acfsm=1493 -ACODE=00h-07FFhx4 -ASTRCODE=00h-01FFFh \
  -ASTRING=00h-0FFhx32 -ACONST=00h-0FFhx32 -AENTRY=00h-0FFhx32 \
  -ACOMMON=070h-07Fh -ABANK0=020h-06Fh -ABANK1=0A0h-0EFh \
  -ABANK2=0110h-016Fh -ABANK3=0190h-01EFh \
  -ARAM=020h-06Fh,0A0h-0EFh,0110h-016Fh,0190h-01EFh \
  -AABS1=020h-07Fh,0A0h-0EFh,0110h-016Fh,0190h-01EFh -ASFR0=00h-01Fh \
  -ASFR1=080h-09Fh -ASFR2=0100h-010Fh -ASFR3=0180h-018Fh \
  -ACONFIG=02007h-02007h -DCONFIG=2 -AIDLOC=02000h-02003h -DIDLOC=2 \
  -AEEDATA=00h-0FFh/02100h -peeprom_data=EEDATA -DEEDATA=2 -DCODE=2 \
  -DSTRCODE=2 -DSTRING=2 -DCONST=2 -DENTRY=2 \
  -preset_vec=00h,intentry,init,end_init -ppowerup=CODE -pcinit=CODE \
  -pfunctab=ENTRY -k \
  C:\Users\ADMIN\AppData\Local\Temp\xcAsdkg.\driver_tmp_12.o \
  dist/default/production\BienapADCphan2.X.production.o 

Object code version is 3.11

Machine type is 16F877A



                Name                               Link     Load   Length Selector   Space Scale
C:\Users\ADMIN\AppData\Local\Temp\xcAsdkg.\driver_tmp_12.o
                end_init                              0        0        3        0       0
                config                             2007     2007        1        0       4
dist/default/production\BienapADCphan2.X.production.o
                cinit                               7EE      7EE       12      FDC       0
                config                             2007     2007        1        0       4
                text11                                9        9        9       12       0
                text10                              F5D      F5D       3A     1EBA       0
                text9                                26       26       44       4C       0
                text8                               F11      F11       25     1E22       0
                text7                               F36      F36       27     1E6C       0
                text6                               4A9      4A9      345      952       0
                text5                               245      245      264      48A       0
                text4                               EED      EED       24     1DDA       0
                text3                                6A       6A       78       D4       0
                text2                               18B      18B       BA      316       0
                text1                                E2       E2       A9      1C4       0
                maintext                            F97      F97       69     1F2E       0
                cstackBANK0                          20       20       50       20       1
                cstackCOMMON                         70       70        D       70       1
                inittext                            EDA      EDA       13     1DB4       0
                dataBANK1                            A0       A0       14       A0       1
                idataBANK1                           12       12       14       24       0

TOTAL           Name                               Link     Load   Length     Space
        CLASS   CODE           
                end_init                              0        0        3         0
                cinit                               7EE      7EE       12         0
                text11                                9        9        9         0
                text10                              F5D      F5D       3A         0
                text9                                26       26       44         0
                text8                               F11      F11       25         0
                text7                               F36      F36       27         0
                text6                               4A9      4A9      345         0
                text5                               245      245      264         0
                text4                               EED      EED       24         0
                text3                                6A       6A       78         0
                text2                               18B      18B       BA         0
                text1                                E2       E2       A9         0
                maintext                            F97      F97       69         0
                inittext                            EDA      EDA       13         0
                idataBANK1                           12       12       14         0

        CLASS   STRCODE        

        CLASS   STRING         

        CLASS   CONST          

        CLASS   ENTRY          

        CLASS   COMMON         
                cstackCOMMON                         70       70        D         1

        CLASS   BANK0          
                cstackBANK0                          20       20       50         1

        CLASS   BANK1          
                dataBANK1                            A0       A0       14         1

        CLASS   BANK2          

        CLASS   BANK3          

        CLASS   RAM            

        CLASS   ABS1           
                abs_s1                               7E       7E        2         1

        CLASS   SFR0           

        CLASS   SFR1           

        CLASS   SFR2           

        CLASS   SFR3           

        CLASS   CONFIG         
                config                             2007     2007        1         4

        CLASS   IDLOC          

        CLASS   EEDATA         

        CLASS   STACK          



SEGMENTS        Name                           Load    Length   Top    Selector   Space  Class     Delta

                reset_vec                      000000  000003  000003         0       0  CODE        2
                text11                         000009  000009  000012        12       0  CODE        2
                cstackBANK0                    000020  000050  000070        20       1  BANK0       1
                idataBANK1                     000012  000014  000026        24       0  CODE        2
                text9                          000026  000044  00006A        4C       0  CODE        2
                cstackCOMMON                   000070  00000D  00007D        70       1  COMMON      1
                dataBANK1                      0000A0  000014  0000B4        A0       1  BANK1       1
                text3                          00006A  000078  0000E2        D4       0  CODE        2
                text1                          0000E2  0000A9  00018B       1C4       0  CODE        2
                text2                          00018B  0000BA  000245       316       0  CODE        2
                text5                          000245  000264  0004A9       48A       0  CODE        2
                text6                          0004A9  000345  0007EE       952       0  CODE        2
                cinit                          0007EE  000012  000800       FDC       0  CODE        2
                inittext                       000EDA  000013  000EED      1DB4       0  CODE        2
                text4                          000EED  000024  000F11      1DDA       0  CODE        2
                text8                          000F11  000025  000F36      1E22       0  CODE        2
                text7                          000F36  000027  000F5D      1E6C       0  CODE        2
                text10                         000F5D  00003A  000F97      1EBA       0  CODE        2
                maintext                       000F97  000069  001000      1F2E       0  CODE        2


UNUSED ADDRESS RANGES

        Name                Unused          Largest block    Delta
        BANK1            00B4-00EF             3C           1
        BANK2            0110-016F             60           1
        BANK3            0190-01EF             60           1
        CODE             0003-0008              6           2
                         0800-0ED9            6DA
                         1000-1FFF            800
        COMMON           007D-007D              1           1
        CONST            0003-0008              6           2
                         0800-0ED9            100
                         1000-1FFF            100
        EEDATA           2100-21FF            100           2
        ENTRY            0003-0008              6           2
                         0800-0ED9            100
                         1000-1FFF            100
        IDLOC            2000-2003              4           2
        RAM              00B4-00EF             3C           1
                         0110-016F             60
                         0190-01EF             60
        SFR0             0000-001F             20           1
        SFR1             0080-009F             20           1
        SFR2             0100-010F             10           1
        SFR3             0180-018F             10           1
        STRCODE          0003-0008              6           2
                         0800-0ED9            6DA
                         1000-1FFF           1000
        STRING           0003-0008              6           2
                         0800-0ED9            100
                         1000-1FFF            100

                                  Symbol Table

?_ADC_Read               cstackCOMMON 0070
?__Umul8_16              cstackCOMMON 0070
?___fladd                cstackCOMMON 0070
?___flmul                cstackBANK0  0036
?___flsub                cstackBANK0  002E
?___fltol                cstackBANK0  0050
?___lwdiv                cstackCOMMON 0076
?___wmul                 cstackCOMMON 0070
?___xxtofl               cstackBANK0  0020
ADC_Read@channel         cstackCOMMON 0070
_ADCON0                  (abs)        001F
_ADCON1                  (abs)        009F
_ADC_Init                text11       0009
_ADC_Read                text10       0F5D
_ADRESH                  (abs)        001E
_ADRESL                  (abs)        009E
_GO_nDONE                (abs)        00FA
_PORTB                   (abs)        0006
_RC0                     (abs)        0038
_RC1                     (abs)        0039
_TRISA                   (abs)        0085
_TRISB                   (abs)        0086
_TRISC                   (abs)        0087
__H__absolute__          __absolute__ 0000
__Habs1                  abs1         0000
__Hbank0                 bank0        0000
__Hbank1                 bank1        0000
__Hbank2                 bank2        0000
__Hbank3                 bank3        0000
__Hcinit                 cinit        0800
__Hclrtext               clrtext      0000
__Hcode                  code         0000
__Hcommon                common       0000
__Hconfig                config       2008
__HcstackBANK0           cstackBANK0  0000
__HcstackCOMMON          cstackCOMMON 0000
__HdataBANK1             dataBANK1    0000
__Heeprom_data           eeprom_data  0000
__Hend_init              end_init     0003
__Hfunctab               functab      0000
__HidataBANK1            idataBANK1   0000
__Hinit                  init         0000
__Hinittext              inittext     0000
__Hintentry              intentry     0000
__Hmaintext              maintext     0000
__Hpowerup               powerup      0000
__Hram                   ram          0000
__Hreset_vec             reset_vec    0000
__Hsfr0                  sfr0         0000
__Hsfr1                  sfr1         0000
__Hsfr2                  sfr2         0000
__Hsfr3                  sfr3         0000
__Hspace_0               (abs)        1000
__Hspace_1               (abs)        00B4
__Hspace_2               (abs)        0000
__Hspace_3               (abs)        0000
__Hspace_4               (abs)        400F
__Hstack                 stack        0000
__Hstrings               strings      0000
__Htext                  text         0000
__L__absolute__          __absolute__ 0000
__Labs1                  abs1         0000
__Lbank0                 bank0        0000
__Lbank1                 bank1        0000
__Lbank2                 bank2        0000
__Lbank3                 bank3        0000
__Lcinit                 cinit        07EE
__Lclrtext               clrtext      0000
__Lcode                  code         0000
__Lcommon                common       0000
__Lconfig                config       0000
__LcstackBANK0           cstackBANK0  0000
__LcstackCOMMON          cstackCOMMON 0000
__LdataBANK1             dataBANK1    0000
__Leeprom_data           eeprom_data  0000
__Lend_init              end_init     0000
__Lfunctab               functab      0000
__LidataBANK1            idataBANK1   0000
__Linit                  init         0000
__Linittext              inittext     0000
__Lintentry              intentry     0000
__Lmaintext              maintext     0000
__Lpowerup               powerup      0000
__Lram                   ram          0000
__Lreset_vec             reset_vec    0000
__Lsfr0                  sfr0         0000
__Lsfr1                  sfr1         0000
__Lsfr2                  sfr2         0000
__Lsfr3                  sfr3         0000
__Lspace_0               (abs)        0000
__Lspace_1               (abs)        0000
__Lspace_2               (abs)        0000
__Lspace_3               (abs)        0000
__Lspace_4               (abs)        0000
__Lstack                 stack        0000
__Lstrings               strings      0000
__Ltext                  text         0000
__S0                     (abs)        1000
__S1                     (abs)        00B4
__S3                     (abs)        0000
__Umul8_16               text7        0F36
__Umul8_16@multiplicand  cstackCOMMON 0070
__Umul8_16@multiplier    cstackCOMMON 0078
__Umul8_16@product       cstackCOMMON 0074
__Umul8_16@word_mpld     cstackCOMMON 0076
___fladd                 text5        0245
___fladd@a               cstackCOMMON 0074
___fladd@aexp            cstackCOMMON 0079
___fladd@b               cstackCOMMON 0070
___fladd@bexp            cstackCOMMON 007A
___fladd@grs             cstackCOMMON 007B
___fladd@signs           cstackCOMMON 0078
___flmul                 text6        04A9
___flmul@a               cstackBANK0  003A
___flmul@aexp            cstackBANK0  0048
___flmul@b               cstackBANK0  0036
___flmul@bexp            cstackBANK0  0049
___flmul@grs             cstackBANK0  0044
___flmul@prod            cstackBANK0  004A
___flmul@sign            cstackBANK0  0043
___flmul@temp            cstackBANK0  004E
___flsub                 text4        0EED
___flsub@a               cstackBANK0  002E
___flsub@b               cstackBANK0  0032
___fltol                 text3        006A
___fltol@exp1            cstackBANK0  0059
___fltol@f1              cstackBANK0  0050
___fltol@sign1           cstackBANK0  0058
___int_sp                stack        0000
___latbits               (abs)        0002
___lwdiv                 text9        0026
___lwdiv@counter         cstackCOMMON 007C
___lwdiv@dividend        cstackCOMMON 0078
___lwdiv@divisor         cstackCOMMON 0076
___lwdiv@quotient        cstackCOMMON 007A
___sp                    stack        0000
___stackhi               (abs)        0000
___stacklo               (abs)        0000
___wmul                  text8        0F11
___wmul@multiplicand     cstackCOMMON 0072
___wmul@multiplier       cstackCOMMON 0070
___wmul@product          cstackCOMMON 0074
___xxtofl                text2        018B
___xxtofl@arg            cstackBANK0  002A
___xxtofl@exp            cstackBANK0  0029
___xxtofl@sign           cstackBANK0  0028
___xxtofl@val            cstackBANK0  0020
__end_of_ADC_Init        text11       0012
__end_of_ADC_Read        text10       0F97
__end_of__Umul8_16       text7        0F5D
__end_of___fladd         text5        04A9
__end_of___flmul         text6        07EE
__end_of___flsub         text4        0F11
__end_of___fltol         text3        00E2
__end_of___lwdiv         text9        006A
__end_of___wmul          text8        0F36
__end_of___xxtofl        text2        0245
__end_of__initialization cinit        07FC
__end_of_display         text1        018B
__end_of_main            maintext     1000
__initialization         cinit        07EE
__pcstackBANK0           cstackBANK0  0020
__pcstackCOMMON          cstackCOMMON 0070
__pdataBANK1             dataBANK1    00A0
__pidataBANK1            idataBANK1   0012
__pmaintext              maintext     0F97
__ptext1                 text1        00E2
__ptext10                text10       0F5D
__ptext11                text11       0009
__ptext2                 text2        018B
__ptext3                 text3        006A
__ptext4                 text4        0EED
__ptext5                 text5        0245
__ptext6                 text6        04A9
__ptext7                 text7        0F36
__ptext8                 text8        0F11
__ptext9                 text9        0026
_digital                 dataBANK1    00AA
_display                 text1        00E2
_main                    maintext     0F97
btemp                    (abs)        007E
display@decimal_part     cstackBANK0  0060
display@i                cstackBANK0  0064
display@integer_part     cstackBANK0  0062
display@voltage          cstackBANK0  005A
end_of_initialization    cinit        07FC
init_fetch0              inittext     0EDA
init_ram0                inittext     0EDE
intlevel0                functab      0000
intlevel1                functab      0000
intlevel2                functab      0000
intlevel3                functab      0000
intlevel4                functab      0000
intlevel5                functab      0000
main@value_adc           cstackBANK0  006E
main@voltage             cstackBANK0  006A
reset_vec                reset_vec    0000
start                    init         0000
start_initialization     cinit        07EE
wtemp0                   (abs)        007E


MODULE INFORMATION

Module		Function		Class		Link	Load	Size
C:\Program Files\Microchip\xc8\v2.41\pic\sources\c90\common\sprcmul.c
		___flmul       		CODE           	04A9	0000	837

C:\Program Files\Microchip\xc8\v2.41\pic\sources\c90\common\sprcmul.c estimated size: 837

C:\Program Files\Microchip\xc8\v2.41\pic\sources\c90\common\Umul16.c
		___wmul        		CODE           	0F11	0000	37

C:\Program Files\Microchip\xc8\v2.41\pic\sources\c90\common\Umul16.c estimated size: 37

C:\Program Files\Microchip\xc8\v2.41\pic\sources\c90\common\lwdiv.c
		___lwdiv       		CODE           	0026	0000	68

C:\Program Files\Microchip\xc8\v2.41\pic\sources\c90\common\lwdiv.c estimated size: 68

C:\Program Files\Microchip\xc8\v2.41\pic\sources\c90\common\fltol.c
		___fltol       		CODE           	006A	0000	120

C:\Program Files\Microchip\xc8\v2.41\pic\sources\c90\common\fltol.c estimated size: 120

C:\Program Files\Microchip\xc8\v2.41\pic\sources\c90\common\sprcadd.c
		___flsub       		CODE           	0EED	0000	36
		___fladd       		CODE           	0245	0000	612

C:\Program Files\Microchip\xc8\v2.41\pic\sources\c90\common\sprcadd.c estimated size: 648

C:\Program Files\Microchip\xc8\v2.41\pic\sources\c90\common\xxtofl.c
		___xxtofl      		CODE           	018B	0000	186

C:\Program Files\Microchip\xc8\v2.41\pic\sources\c90\common\xxtofl.c estimated size: 186

shared
		__initialization		CODE           	07EE	0000	14

shared estimated size: 14

C:\Program Files\Microchip\xc8\v2.41\pic\sources\c90\common\Umul8_16.c
		__Umul8_16     		CODE           	0F36	0000	39

C:\Program Files\Microchip\xc8\v2.41\pic\sources\c90\common\Umul8_16.c estimated size: 39

bienap.c
		_display       		CODE           	00E2	0000	169
		_main          		CODE           	0F97	0000	105
		_ADC_Read      		CODE           	0F5D	0000	58
		_ADC_Init      		CODE           	0009	0000	9

bienap.c estimated size: 341

